// Jest Snapshot v1, https://goo.gl/fbAQLP

exports[`<HomePage /> renders correctly 1`] = `<span />`;
